******************************************************************************
                  TI ARM Linker PC v5.2.2                      
******************************************************************************
>> Linked Sat Dec 05 15:03:45 2015

OUTPUT FILE NAME:   <analogic_controller.out>
ENTRY POINT SYMBOL: "_c_int00"  address: 00000b61


MEMORY CONFIGURATION

         name            origin    length      used     unused   attr    fill
----------------------  --------  ---------  --------  --------  ----  --------
  FLASH                 00000000   00040000  00000e02  0003f1fe  R  X
  SRAM                  20000000   00008000  00000214  00007dec  RW X


SEGMENT ALLOCATION MAP

run origin  load origin   length   init length attrs members
----------  ----------- ---------- ----------- ----- -------
00000000    00000000    00000e08   00000e08    r-x
  00000000    00000000    0000026c   0000026c    r-- .intvecs
  0000026c    0000026c    00000b76   00000b76    r-x .text
  00000de8    00000de8    00000020   00000020    r-- .cinit
20000000    20000000    00000214   00000000    rw-
  20000000    20000000    00000200   00000000    rw- .stack
  20000200    20000200    00000014   00000000    rw- .data


SECTION ALLOCATION MAP

 output                                  attributes/
section   page    origin      length       input sections
--------  ----  ----------  ----------   ----------------
.intvecs   0    00000000    0000026c     
                  00000000    0000026c     tm4c123gh6pm_startup_ccs.obj (.intvecs)

.text      0    0000026c    00000b76     
                  0000026c    0000046c     main.obj (.text)
                  000006d8    00000130     driverlib.lib : gpio.obj (.text:GPIOPadConfigSet)
                  00000808    000000f0                   : sysctl.obj (.text:SysCtlClockSet)
                  000008f8    0000009c     rtsv7M4_T_le_v4SPD16_eabi.lib : memcpy_t2.obj (.text)
                  00000994    0000007a     driverlib.lib : adc.obj (.text:ADCSequenceStepConfigure)
                  00000a0e    0000007a     rtsv7M4_T_le_v4SPD16_eabi.lib : memset_t2.obj (.text)
                  00000a88    0000006c                                   : autoinit.obj (.text)
                  00000af4    0000006a                                   : copy_decompress_rle.obj (.text)
                  00000b5e    00000002     --HOLE-- [fill = 0]
                  00000b60    00000050                                   : boot.obj (.text)
                  00000bb0    0000004c                                   : cpy_tbl.obj (.text)
                  00000bfc    00000044                                   : exit.obj (.text)
                  00000c40    0000003e     driverlib.lib : adc.obj (.text:ADCSequenceConfigure)
                  00000c7e    00000002     --HOLE-- [fill = 0]
                  00000c80    00000034                   : sysctl.obj (.text:SysCtlPeripheralEnable)
                  00000cb4    0000002e                   : adc.obj (.text:ADCIntStatus)
                  00000ce2    0000002a                   : gpio.obj (.text:GPIODirModeSet)
                  00000d0c    0000001e                   : adc.obj (.text:ADCSequenceDataGet)
                  00000d2a    00000018                   : adc.obj (.text:ADCProcessorTrigger)
                  00000d42    00000018                   : gpio.obj (.text:GPIOPinTypeGPIOOutput)
                  00000d5a    00000002     --HOLE-- [fill = 0]
                  00000d5c    00000018     rtsv7M4_T_le_v4SPD16_eabi.lib : args_main.obj (.text)
                  00000d74    00000014                                   : _lock.obj (.text)
                  00000d88    00000012     driverlib.lib : gpio.obj (.text:GPIOPinTypeADC)
                  00000d9a    0000000e                   : adc.obj (.text:ADCSequenceEnable)
                  00000da8    0000000e     rtsv7M4_T_le_v4SPD16_eabi.lib : copy_decompress_none.obj (.text:decompress:none)
                  00000db6    0000000c     tm4c123gh6pm_startup_ccs.obj (.text)
                  00000dc2    0000000a     driverlib.lib : adc.obj (.text:ADCIntClear)
                  00000dcc    00000006                   : gpio.obj (.text:GPIOPinWrite)
                  00000dd2    00000006                   : sysctl.obj (.text:SysCtlDelay)
                  00000dd8    00000006     rtsv7M4_T_le_v4SPD16_eabi.lib : copy_decompress_rle.obj (.text:decompress:rle24)
                  00000dde    00000004                                   : pre_init.obj (.text)

.cinit     0    00000de8    00000020     
                  00000de8    0000000f     (.cinit..data.load) [load image, compression = rle]
                  00000df7    00000001     --HOLE-- [fill = 0]
                  00000df8    00000008     (__TI_handler_table)
                  00000e00    00000008     (__TI_cinit_table)

.init_array 
*          0    00000000    00000000     UNINITIALIZED

.stack     0    20000000    00000200     UNINITIALIZED
                  20000000    00000200     --HOLE--

.data      0    20000200    00000014     UNINITIALIZED
                  20000200    00000008     rtsv7M4_T_le_v4SPD16_eabi.lib : _lock.obj (.data)
                  20000208    00000008                                   : exit.obj (.data)
                  20000210    00000004                                   : stkdepth_vars.obj (.data)

.TI.persistent 
*          0    20000200    00000000     UNINITIALIZED


LINKER GENERATED COPY TABLES

__TI_cinit_table @ 00000e00 records: 1, size/record: 8, table size: 8
	.data: load addr=00000de8, load size=0000000f bytes, run addr=20000200, run size=00000014 bytes, compression=rle


LINKER GENERATED HANDLER TABLE

__TI_handler_table @ 00000df8 records: 2, size/record: 4, table size: 8
	index: 0, handler: __TI_decompress_rle24
	index: 1, handler: __TI_decompress_none


GLOBAL SYMBOLS: SORTED ALPHABETICALLY BY Name 

address   name                    
-------   ----                    
00000dc3  ADCIntClear             
00000cb5  ADCIntStatus            
00000d2b  ADCProcessorTrigger     
00000c41  ADCSequenceConfigure    
00000d0d  ADCSequenceDataGet      
00000d9b  ADCSequenceEnable       
00000995  ADCSequenceStepConfigure
00000bfd  C$$EXIT                 
00000ce3  GPIODirModeSet          
000006d9  GPIOPadConfigSet        
00000d89  GPIOPinTypeADC          
00000d43  GPIOPinTypeGPIOOutput   
00000dcd  GPIOPinWrite            
00000db7  ResetISR                
UNDEFED   SHT$$INIT_ARRAY$$Base   
UNDEFED   SHT$$INIT_ARRAY$$Limit  
00000809  SysCtlClockSet          
00000dd3  SysCtlDelay             
00000c81  SysCtlPeripheralEnable  
20000200  __STACK_END             
00000200  __STACK_SIZE            
20000200  __STACK_TOP             
00000e00  __TI_CINIT_Base         
00000e08  __TI_CINIT_Limit        
00000df8  __TI_Handler_Table_Base 
00000e00  __TI_Handler_Table_Limit
00000a89  __TI_auto_init          
20000208  __TI_cleanup_ptr        
00000da9  __TI_decompress_none    
00000dd9  __TI_decompress_rle24   
2000020c  __TI_dtors_ptr          
00000000  __TI_static_base__      
00000a0f  __aeabi_memclr          
00000a0f  __aeabi_memclr4         
00000a0f  __aeabi_memclr8         
000008f9  __aeabi_memcpy          
000008f9  __aeabi_memcpy4         
000008f9  __aeabi_memcpy8         
00000a11  __aeabi_memset          
00000a11  __aeabi_memset4         
00000a11  __aeabi_memset8         
ffffffff  __binit__               
ffffffff  __c_args__              
20000000  __stack                 
00000d5d  _args_main              
00000b61  _c_int00                
20000200  _lock                   
00000d83  _nop                    
00000d7b  _register_lock          
00000d75  _register_unlock        
00000ddf  _system_pre_init        
20000204  _unlock                 
00000c01  abort                   
ffffffff  binit                   
00000bb1  copy_in                 
00000c09  exit                    
00000000  g_pfnVectors            
0000026d  main                    
20000210  main_func_sp            
000008f9  memcpy                  
00000a17  memset                  


GLOBAL SYMBOLS: SORTED BY Symbol Address 

address   name                    
-------   ----                    
00000000  __TI_static_base__      
00000000  g_pfnVectors            
00000200  __STACK_SIZE            
0000026d  main                    
000006d9  GPIOPadConfigSet        
00000809  SysCtlClockSet          
000008f9  __aeabi_memcpy          
000008f9  __aeabi_memcpy4         
000008f9  __aeabi_memcpy8         
000008f9  memcpy                  
00000995  ADCSequenceStepConfigure
00000a0f  __aeabi_memclr          
00000a0f  __aeabi_memclr4         
00000a0f  __aeabi_memclr8         
00000a11  __aeabi_memset          
00000a11  __aeabi_memset4         
00000a11  __aeabi_memset8         
00000a17  memset                  
00000a89  __TI_auto_init          
00000b61  _c_int00                
00000bb1  copy_in                 
00000bfd  C$$EXIT                 
00000c01  abort                   
00000c09  exit                    
00000c41  ADCSequenceConfigure    
00000c81  SysCtlPeripheralEnable  
00000cb5  ADCIntStatus            
00000ce3  GPIODirModeSet          
00000d0d  ADCSequenceDataGet      
00000d2b  ADCProcessorTrigger     
00000d43  GPIOPinTypeGPIOOutput   
00000d5d  _args_main              
00000d75  _register_unlock        
00000d7b  _register_lock          
00000d83  _nop                    
00000d89  GPIOPinTypeADC          
00000d9b  ADCSequenceEnable       
00000da9  __TI_decompress_none    
00000db7  ResetISR                
00000dc3  ADCIntClear             
00000dcd  GPIOPinWrite            
00000dd3  SysCtlDelay             
00000dd9  __TI_decompress_rle24   
00000ddf  _system_pre_init        
00000df8  __TI_Handler_Table_Base 
00000e00  __TI_CINIT_Base         
00000e00  __TI_Handler_Table_Limit
00000e08  __TI_CINIT_Limit        
20000000  __stack                 
20000200  __STACK_END             
20000200  __STACK_TOP             
20000200  _lock                   
20000204  _unlock                 
20000208  __TI_cleanup_ptr        
2000020c  __TI_dtors_ptr          
20000210  main_func_sp            
ffffffff  __binit__               
ffffffff  __c_args__              
ffffffff  binit                   
UNDEFED   SHT$$INIT_ARRAY$$Base   
UNDEFED   SHT$$INIT_ARRAY$$Limit  

[61 symbols]
